// Jest Snapshot v1, https://goo.gl/fbAQLP

exports[`printHistory() returns the history as a pretty string 1`] = `
"
LOG a message
GROUP a group
  INFO maybe an object?, {a: 'str', b: false, c: [1, 2, 3], d: {a: 'b'}}
  WARN something useful
  ERROR something unexpected
  GROUP %c a nested group with styling, color: #1da1f2; font-weight: bold;
    LOG %c a nested log with styling, color: #D63230;
  LOG almost done
INFO fin, font-weight: bold;"
`;
